
> wine-journal@0.0.0 build
> tsc -b && vite build

src/components/__tests__/LoginForm.test.tsx(1,1): error TS6133: 'React' is declared but its value is never read.
src/components/__tests__/LoginForm.test.tsx(3,26): error TS6133: 'fireEvent' is declared but its value is never read.
src/components/__tests__/LoginForm.test.tsx(3,37): error TS6133: 'waitFor' is declared but its value is never read.
src/components/__tests__/LoginForm.test.tsx(6,1): error TS6133: 'UserCredentials' is declared but its value is never read.
src/components/__tests__/LoginForm.test.tsx(150,11): error TS6133: 'user' is declared but its value is never read.
src/components/__tests__/SignUpForm.test.tsx(1,1): error TS6133: 'React' is declared but its value is never read.
src/components/__tests__/SignUpForm.test.tsx(3,26): error TS6133: 'fireEvent' is declared but its value is never read.
src/components/__tests__/SignUpForm.test.tsx(3,37): error TS6133: 'waitFor' is declared but its value is never read.
src/components/__tests__/SignUpForm.test.tsx(6,1): error TS6133: 'SignUpData' is declared but its value is never read.
src/context/__tests__/AuthContext.test.tsx(6,1): error TS6192: All imports in import declaration are unused.
src/services/__tests__/wineService.test.ts(8,17): error TS2554: Expected 1 arguments, but got 0.
src/services/__tests__/wineService.test.ts(20,34): error TS2554: Expected 2 arguments, but got 1.
src/services/__tests__/wineService.test.ts(36,19): error TS2554: Expected 2 arguments, but got 1.
src/services/__tests__/wineService.test.ts(37,33): error TS2554: Expected 1 arguments, but got 0.
src/services/__tests__/wineService.test.ts(46,33): error TS2554: Expected 1 arguments, but got 0.
src/services/__tests__/wineService.test.ts(51,33): error TS2554: Expected 2 arguments, but got 1.
src/services/__tests__/wineService.test.ts(52,33): error TS2554: Expected 2 arguments, but got 1.
src/services/__tests__/wineService.test.ts(54,33): error TS2554: Expected 1 arguments, but got 0.
src/services/__tests__/wineService.test.ts(64,40): error TS2554: Expected 2 arguments, but got 1.
src/services/__tests__/wineService.test.ts(79,39): error TS2554: Expected 3 arguments, but got 2.
src/services/__tests__/wineService.test.ts(90,34): error TS2554: Expected 3 arguments, but got 2.
src/services/__tests__/wineService.test.ts(102,32): error TS2554: Expected 2 arguments, but got 1.
src/services/__tests__/wineService.test.ts(108,34): error TS2554: Expected 2 arguments, but got 1.
src/services/__tests__/wineService.test.ts(109,33): error TS2554: Expected 1 arguments, but got 0.
src/services/__tests__/wineService.test.ts(116,34): error TS2554: Expected 2 arguments, but got 1.
src/services/__tests__/wineService.test.ts(123,32): error TS2554: Expected 2 arguments, but got 1.
src/services/__tests__/wineService.test.ts(129,34): error TS2554: Expected 2 arguments, but got 1.
src/services/__tests__/wineService.test.ts(135,34): error TS2554: Expected 2 arguments, but got 1.
src/services/__tests__/wineService.test.ts(142,19): error TS2554: Expected 2 arguments, but got 1.
src/services/__tests__/wineService.test.ts(143,19): error TS2554: Expected 2 arguments, but got 1.
src/services/__tests__/wineService.test.ts(145,19): error TS2554: Expected 1 arguments, but got 0.
src/services/__tests__/wineService.test.ts(146,33): error TS2554: Expected 1 arguments, but got 0.
